[2025-01-18 21:21:46] This is codeql dataset import -J-Xmx6858M --verbosity=progress --logdir=/mnt/c/GitHub/SpeQL/database/azure-api-db/log --dbscheme=/usr/local/codeql/javascript/semmlecode.javascript.dbscheme --threads=12 -- /mnt/c/GitHub/SpeQL/database/azure-api-db/db-javascript /mnt/c/GitHub/SpeQL/database/azure-api-db/trap/javascript
[2025-01-18 21:21:46] Clearing disk cache since the version file /mnt/c/GitHub/SpeQL/database/azure-api-db/db-javascript/default/cache/version does not exist
[2025-01-18 21:21:46] Tuple pool not found. Clearing relations with cached strings
[2025-01-18 21:21:46] Trimming disk cache at /mnt/c/GitHub/SpeQL/database/azure-api-db/db-javascript/default/cache in mode clear.
[2025-01-18 21:21:46] Sequence stamp origin is -6092517167252428164
[2025-01-18 21:21:46] Pausing evaluation to hard-clear memory at sequence stamp o+0
[2025-01-18 21:21:46] Unpausing evaluation
[2025-01-18 21:21:46] Pausing evaluation to quickly trim disk at sequence stamp o+1
[2025-01-18 21:21:46] Unpausing evaluation
[2025-01-18 21:21:46] Pausing evaluation to zealously trim disk at sequence stamp o+2
[2025-01-18 21:21:46] Unpausing evaluation
[2025-01-18 21:21:46] Trimming completed (22ms): Purged everything.
[2025-01-18 21:21:46] Scanning for files in /mnt/c/GitHub/SpeQL/database/azure-api-db/trap/javascript
[2025-01-18 21:21:46] Found 2 TRAP files (1.80 KiB)
[2025-01-18 21:21:46] [PROGRESS] dataset import> Importing TRAP files
[2025-01-18 21:21:47] Importing sourceLocationPrefix.trap.gz (1 of 2)
[2025-01-18 21:21:47] Importing cspell.yaml.trap.gz (2 of 2)
[2025-01-18 21:21:47] [PROGRESS] dataset import> Merging relations
[2025-01-18 21:21:47] Merging 1 fragment for 'hasLocation'.
[2025-01-18 21:21:47] Merging 1 fragment for 'locations_default'.
[2025-01-18 21:21:47] Merging 1 fragment for 'containerparent'.
[2025-01-18 21:21:47] Merging 1 fragment for 'files'.
[2025-01-18 21:21:47] Merging 1 fragment for 'sourceLocationPrefix'.
[2025-01-18 21:21:47] Merging 1 fragment for 'yaml_scalars'.
[2025-01-18 21:21:47] Merging 1 fragment for 'folders'.
[2025-01-18 21:21:47] Merging 1 fragment for 'numlines'.
[2025-01-18 21:21:47] Merging 1 fragment for 'yaml_locations'.
[2025-01-18 21:21:47] Merging 1 fragment for 'yaml'.
[2025-01-18 21:21:47] Merging 1 fragment for 'extraction_data'.
[2025-01-18 21:21:47] Merging 1 fragment for 'filetype'.
[2025-01-18 21:21:47] Merged 8 bytes for 'hasLocation'.
[2025-01-18 21:21:47] Merging 1 fragment for 'extraction_time'.
[2025-01-18 21:21:47] Merged 16 bytes for 'numlines'.
[2025-01-18 21:21:47] Merged 56 bytes for 'folders'.
[2025-01-18 21:21:47] Merged 768 bytes for 'yaml'.
[2025-01-18 21:21:47] Merged 8 bytes for 'filetype'.
[2025-01-18 21:21:47] Merged 8 bytes for 'files'.
[2025-01-18 21:21:47] Merged 56 bytes for 'containerparent'.
[2025-01-18 21:21:47] Merged 256 bytes for 'yaml_locations'.
[2025-01-18 21:21:47] Merged 792 bytes for 'locations_default'.
[2025-01-18 21:21:47] Merged 4 bytes for 'sourceLocationPrefix'.
[2025-01-18 21:21:47] Merged 312 bytes for 'yaml_scalars'.
[2025-01-18 21:21:47] Merged 16 bytes for 'extraction_data'.
[2025-01-18 21:21:47] Merged 360 bytes for 'extraction_time'.
[2025-01-18 21:21:47] Saving string and id pools to disk.
[2025-01-18 21:21:48] Finished importing TRAP files.
[2025-01-18 21:21:48] Read 8.10 KiB of uncompressed TRAP data.
[2025-01-18 21:21:48] Relation data size: 2.60 KiB (merge rate: 4.44 KiB/s)
[2025-01-18 21:21:48] String pool size: 2.05 MiB
[2025-01-18 21:21:48] ID pool size: 1.02 MiB
[2025-01-18 21:21:48] [PROGRESS] dataset import> Finished writing database (relations: 2.60 KiB; string pool: 2.05 MiB).
[2025-01-18 21:21:48] Pausing evaluation to close the cache at sequence stamp o+29
[2025-01-18 21:21:48] The disk cache is freshly trimmed; leave it be.
[2025-01-18 21:21:48] Unpausing evaluation
[2025-01-18 21:21:48] Terminating normally.
