[2025-01-18 21:16:41] This is codeql database create /mnt/c/GitHub/SpeQL/database/azure-api-db --language=javascript --source-root=/mnt/c/GitHub/azure-rest-api-specs/specification/logic/resource-manager/Microsoft.Logic/stable/ --threads=12 --ram=8192 --overwrite
[2025-01-18 21:16:41] Log file was started late.
[2025-01-18 21:16:41] [PROGRESS] database create> Initializing database at /mnt/c/GitHub/SpeQL/database/azure-api-db.
[2025-01-18 21:16:41] Running plumbing command: codeql database init --overwrite --language=javascript --extractor-options-verbosity=1 --qlconfig-file=/usr/local/codeql/qlconfig.yml --source-root=/mnt/c/GitHub/azure-rest-api-specs/specification/logic/resource-manager/Microsoft.Logic/stable --allow-missing-source-root=false --allow-already-existing -- /mnt/c/GitHub/SpeQL/database/azure-api-db
[2025-01-18 21:16:41] Calling plumbing command: codeql resolve languages --extractor-options-verbosity=1 --format=betterjson
[2025-01-18 21:16:41] [DETAILS] resolve languages> Scanning for [codeql-extractor.yml] from /usr/local/codeql/.codeqlmanifest.json
[2025-01-18 21:16:41] [DETAILS] resolve languages> Parsing /usr/local/codeql/properties/codeql-extractor.yml.
[2025-01-18 21:16:41] [DETAILS] resolve languages> Parsing /usr/local/codeql/csv/codeql-extractor.yml.
[2025-01-18 21:16:41] [DETAILS] resolve languages> Parsing /usr/local/codeql/html/codeql-extractor.yml.
[2025-01-18 21:16:41] [DETAILS] resolve languages> Parsing /usr/local/codeql/swift/codeql-extractor.yml.
[2025-01-18 21:16:41] [DETAILS] resolve languages> Parsing /usr/local/codeql/xml/codeql-extractor.yml.
[2025-01-18 21:16:41] [DETAILS] resolve languages> Parsing /usr/local/codeql/javascript/codeql-extractor.yml.
[2025-01-18 21:16:41] [DETAILS] resolve languages> Parsing /usr/local/codeql/cpp/codeql-extractor.yml.
[2025-01-18 21:16:41] [DETAILS] resolve languages> Parsing /usr/local/codeql/java/codeql-extractor.yml.
[2025-01-18 21:16:41] [DETAILS] resolve languages> Parsing /usr/local/codeql/yaml/codeql-extractor.yml.
[2025-01-18 21:16:41] [DETAILS] resolve languages> Parsing /usr/local/codeql/ruby/codeql-extractor.yml.
[2025-01-18 21:16:41] [DETAILS] resolve languages> Parsing /usr/local/codeql/go/codeql-extractor.yml.
[2025-01-18 21:16:41] [DETAILS] resolve languages> Parsing /usr/local/codeql/python/codeql-extractor.yml.
[2025-01-18 21:16:41] [DETAILS] resolve languages> Parsing /usr/local/codeql/csharp/codeql-extractor.yml.
[2025-01-18 21:16:41] Plumbing command codeql resolve languages completed:
                      {
                        "aliases" : {
                          "c" : "cpp",
                          "c++" : "cpp",
                          "c-c++" : "cpp",
                          "c-cpp" : "cpp",
                          "c#" : "csharp",
                          "java-kotlin" : "java",
                          "kotlin" : "java",
                          "javascript-typescript" : "javascript",
                          "typescript" : "javascript"
                        },
                        "extractors" : {
                          "properties" : [
                            {
                              "extractor_root" : "/usr/local/codeql/properties"
                            }
                          ],
                          "csv" : [
                            {
                              "extractor_root" : "/usr/local/codeql/csv"
                            }
                          ],
                          "html" : [
                            {
                              "extractor_root" : "/usr/local/codeql/html"
                            }
                          ],
                          "swift" : [
                            {
                              "extractor_root" : "/usr/local/codeql/swift"
                            }
                          ],
                          "xml" : [
                            {
                              "extractor_root" : "/usr/local/codeql/xml"
                            }
                          ],
                          "javascript" : [
                            {
                              "extractor_root" : "/usr/local/codeql/javascript",
                              "extractor_options" : {
                                "skip_types" : {
                                  "title" : "Skip type extraction for TypeScript",
                                  "description" : "Whether to skip the extraction of types in a TypeScript application",
                                  "type" : "string",
                                  "pattern" : "^(false|true)$"
                                }
                              }
                            }
                          ],
                          "cpp" : [
                            {
                              "extractor_root" : "/usr/local/codeql/cpp",
                              "extractor_options" : {
                                "scale_timeouts" : {
                                  "title" : "Value to scale compiler introspection timeouts with",
                                  "description" : "The extractor attempts to determine what compiler the source code being extracted is compiled with. To this end the extractor makes additional calls to the compiler, some of which are expected to return within a certain fixed time (either 10s or 15s). On some systems that are under high load this time might be too short, and can be scaled up using this option.\n",
                                  "type" : "string",
                                  "pattern" : "[0-9]+"
                                },
                                "log_verbosity" : {
                                  "title" : "Verbosity of the extractor logging",
                                  "description" : "Set the verbosity of the extractor logging to 'quiet' (0), 'normal' (1), 'chatty' (2), or 'noisy' (3). The default is 'normal'.\n",
                                  "type" : "string",
                                  "pattern" : "[0-3]"
                                }
                              }
                            }
                          ],
                          "java" : [
                            {
                              "extractor_root" : "/usr/local/codeql/java",
                              "extractor_options" : {
                                "exclude" : {
                                  "title" : "A glob excluding files from analysis.",
                                  "description" : "A glob indicating what files to exclude from the analysis.\n",
                                  "type" : "string"
                                },
                                "add_prefer_source" : {
                                  "title" : "Whether to always prefer source files over class files.",
                                  "description" : "A value indicating whether source files should be preferred over class files. If set to 'true', the extraction adds '-Xprefer:source' to the javac command line. If set to 'false', the extraction uses the default javac behavior ('-Xprefer:newer'). The default is 'true'.\n",
                                  "type" : "string",
                                  "pattern" : "^(false|true)$"
                                },
                                "buildless" : {
                                  "title" : "Whether to use buildless (standalone) extraction (experimental).",
                                  "description" : "A value indicating, which type of extraction the autobuilder should perform. If 'true', then the standalone extractor will be used, otherwise tracing extraction will be performed. The default is 'false'. Note that buildless extraction will generally yield less accurate analysis results, and should only be used in cases where it is not possible to build the code (for example if it uses inaccessible dependencies).\n",
                                  "type" : "string",
                                  "pattern" : "^(false|true)$"
                                },
                                "file_hashes_out" : {
                                  "title" : "Path to write a JSON object giving the hashes of input source files",
                                  "description" : "Path to write a JSON object giving the hashes of input source files\n",
                                  "type" : "string"
                                },
                                "underlying_file_hashes" : {
                                  "title" : "Path to a file containing a JSON object giving the hashes of input source files",
                                  "description" : "The path to a file containing a JSON object giving the hashes of input source files. Only files whose hash differs from that given in this object (or which are not included) will be extracted.\n",
                                  "type" : "string"
                                }
                              }
                            }
                          ],
                          "yaml" : [
                            {
                              "extractor_root" : "/usr/local/codeql/yaml"
                            }
                          ],
                          "ruby" : [
                            {
                              "extractor_root" : "/usr/local/codeql/ruby",
                              "extractor_options" : {
                                "trap" : {
                                  "title" : "Options pertaining to TRAP.",
                                  "description" : "Options pertaining to TRAP.",
                                  "type" : "object",
                                  "properties" : {
                                    "compression" : {
                                      "title" : "Controls compression for the TRAP files written by the extractor.",
                                      "description" : "This option is only intended for use in debugging the extractor. Accepted values are 'gzip' (the default, to write gzip-compressed TRAP) and 'none' (to write uncompressed TRAP).\n",
                                      "type" : "string",
                                      "pattern" : "^(none|gzip)$"
                                    }
                                  }
                                }
                              }
                            }
                          ],
                          "go" : [
                            {
                              "extractor_root" : "/usr/local/codeql/go",
                              "extractor_options" : {
                                "extract_tests" : {
                                  "title" : "Whether to include Go test files in the CodeQL database.",
                                  "description" : "A value indicating whether Go test files should be included in the CodeQL database. The default is 'false'.\n",
                                  "type" : "string",
                                  "pattern" : "^(false|true)$"
                                },
                                "extract_vendor_dirs" : {
                                  "title" : "Whether to include Go vendor directories in the CodeQL database.",
                                  "description" : "A value indicating whether Go vendor directories should be included in the CodeQL database. The default is 'false'.\n",
                                  "type" : "string",
                                  "pattern" : "^(false|true)$"
                                }
                              }
                            }
                          ],
                          "python" : [
                            {
                              "extractor_root" : "/usr/local/codeql/python",
                              "extractor_options" : {
                                "logging" : {
                                  "title" : "Options pertaining to logging.",
                                  "description" : "Options pertaining to logging.",
                                  "type" : "object",
                                  "properties" : {
                                    "verbosity" : {
                                      "title" : "Python extractor logging verbosity level.",
                                      "description" : "Controls the level of verbosity of the CodeQL Python extractor.\nThe supported levels are (in order of increasing verbosity):\n\n  - off\n  - errors\n  - warnings\n  - info or progress\n  - debug or progress+\n  - trace or progress++\n  - progress+++\n",
                                      "type" : "string",
                                      "pattern" : "^(off|errors|warnings|(info|progress)|(debug|progress\\+)|(trace|progress\\+\\+)|progress\\+\\+\\+)$"
                                    }
                                  }
                                },
                                "python_executable_name" : {
                                  "title" : "Controls the name of the Python executable used by the Python extractor.",
                                  "description" : "The Python extractor uses platform-dependent heuristics to determine the name of the Python executable to use. Specifying a value for this option overrides the name of the Python executable used by the extractor. Accepted values are py, python and python3. Use this setting with caution, the Python extractor requires Python 3 to run.\n",
                                  "type" : "string",
                                  "pattern" : "^(py|python|python3)$"
                                }
                              }
                            }
                          ],
                          "csharp" : [
                            {
                              "extractor_root" : "/usr/local/codeql/csharp",
                              "extractor_options" : {
                                "trap" : {
                                  "title" : "Options pertaining to TRAP.",
                                  "description" : "Options pertaining to TRAP.",
                                  "type" : "object",
                                  "properties" : {
                                    "compression" : {
                                      "title" : "Controls compression for the TRAP files written by the extractor.",
                                      "description" : "This option is only intended for use in debugging the extractor. Accepted values are 'brotli' (the default, to write brotli-compressed TRAP), 'gzip', and 'none' (to write uncompressed TRAP).\n",
                                      "type" : "string",
                                      "pattern" : "^(none|gzip|brotli)$"
                                    }
                                  }
                                },
                                "buildless" : {
                                  "title" : "DEPRECATED - Whether to use buildless (standalone) extraction.",
                                  "description" : "DEPRECATED: Use `--build-mode none` instead.\nA value indicating, which type of extraction the autobuilder should perform. If 'true', then the standalone extractor will be used, otherwise tracing extraction will be performed. The default is 'false'. Note that buildless extraction will generally yield less accurate analysis results, and should only be used in cases where it is not possible to build the code (for example if it uses inaccessible dependencies).\n",
                                  "type" : "string",
                                  "pattern" : "^(false|true)$"
                                },
                                "logging" : {
                                  "title" : "Options pertaining to logging.",
                                  "description" : "Options pertaining to logging.",
                                  "type" : "object",
                                  "properties" : {
                                    "verbosity" : {
                                      "title" : "Extractor logging verbosity level.",
                                      "description" : "Controls the level of verbosity of the extractor. The supported levels are (in order of increasing verbosity):\n  - off\n  - errors\n  - warnings\n  - info or progress\n  - debug or progress+\n  - trace or progress++\n  - progress+++\n",
                                      "type" : "string",
                                      "pattern" : "^(off|errors|warnings|(info|progress)|(debug|progress\\+)|(trace|progress\\+\\+)|progress\\+\\+\\+)$"
                                    }
                                  }
                                },
                                "binlog" : {
                                  "title" : "Binlog",
                                  "description" : "[EXPERIMENTAL] The value is a path to the MsBuild binary log file that should be extracted. This option only works when `--build-mode none` is also specified.\n",
                                  "type" : "array"
                                }
                              }
                            }
                          ]
                        }
                      }
[2025-01-18 21:16:42] [PROGRESS] database init> Calculating baseline information in /mnt/c/GitHub/azure-rest-api-specs/specification/logic/resource-manager/Microsoft.Logic/stable
[2025-01-18 21:16:42] [SPAMMY] database init> Ignoring the following directories when processing baseline information: .git, .hg, .svn.
[2025-01-18 21:16:42] [DETAILS] database init> Running command in /mnt/c/GitHub/azure-rest-api-specs/specification/logic/resource-manager/Microsoft.Logic/stable: /usr/local/codeql/tools/linux64/scc --by-file --exclude-dir .git,.hg,.svn --format json --no-large --no-min .
[2025-01-18 21:16:42] [PROGRESS] database init> Calculated baseline information for languages:  (250ms).
[2025-01-18 21:16:42] [PROGRESS] database init> Resolving extractor javascript.
[2025-01-18 21:16:42] [DETAILS] database init> Found candidate extractor root for javascript: /usr/local/codeql/javascript.
[2025-01-18 21:16:42] [PROGRESS] database init> Successfully loaded extractor JavaScript/TypeScript (javascript) from /usr/local/codeql/javascript.
[2025-01-18 21:16:42] [PROGRESS] database init> Created skeleton CodeQL database at /mnt/c/GitHub/SpeQL/database/azure-api-db. This in-progress database is ready to be populated by an extractor.
[2025-01-18 21:16:42] Plumbing command codeql database init completed.
[2025-01-18 21:16:42] [PROGRESS] database create> Running build command: []
[2025-01-18 21:16:42] Running plumbing command: codeql database trace-command --threads=12 --ram=8192 --working-dir=/mnt/c/GitHub/azure-rest-api-specs/specification/logic/resource-manager/Microsoft.Logic/stable --index-traceless-dbs --no-db-cluster -- /mnt/c/GitHub/SpeQL/database/azure-api-db
[2025-01-18 21:16:42] Using autobuild script /usr/local/codeql/javascript/tools/autobuild.sh.
[2025-01-18 21:16:42] [PROGRESS] database trace-command> Running command in /mnt/c/GitHub/azure-rest-api-specs/specification/logic/resource-manager/Microsoft.Logic/stable: [/usr/local/codeql/javascript/tools/autobuild.sh]
[2025-01-18 21:16:42] [build-stdout] Parallel extraction with 12 threads.
[2025-01-18 21:16:43] [build-stderr] No JavaScript or TypeScript code found.
[2025-01-18 21:16:43] Plumbing command codeql database trace-command completed.
[2025-01-18 21:16:43] [PROGRESS] database create> Finalizing database at /mnt/c/GitHub/SpeQL/database/azure-api-db.
[2025-01-18 21:16:43] Running plumbing command: codeql database finalize --threads=12 --ram=8192 --no-db-cluster -- /mnt/c/GitHub/SpeQL/database/azure-api-db
[2025-01-18 21:16:43] Calling plumbing command: codeql resolve languages --format=json
[2025-01-18 21:16:43] [DETAILS] resolve languages> Scanning for [codeql-extractor.yml] from /usr/local/codeql/.codeqlmanifest.json
[2025-01-18 21:16:43] [DETAILS] resolve languages> Parsing /usr/local/codeql/properties/codeql-extractor.yml.
[2025-01-18 21:16:43] [DETAILS] resolve languages> Parsing /usr/local/codeql/csv/codeql-extractor.yml.
[2025-01-18 21:16:43] [DETAILS] resolve languages> Parsing /usr/local/codeql/html/codeql-extractor.yml.
[2025-01-18 21:16:43] [DETAILS] resolve languages> Parsing /usr/local/codeql/swift/codeql-extractor.yml.
[2025-01-18 21:16:43] [DETAILS] resolve languages> Parsing /usr/local/codeql/xml/codeql-extractor.yml.
[2025-01-18 21:16:43] [DETAILS] resolve languages> Parsing /usr/local/codeql/javascript/codeql-extractor.yml.
[2025-01-18 21:16:43] [DETAILS] resolve languages> Parsing /usr/local/codeql/cpp/codeql-extractor.yml.
[2025-01-18 21:16:43] [DETAILS] resolve languages> Parsing /usr/local/codeql/java/codeql-extractor.yml.
[2025-01-18 21:16:43] [DETAILS] resolve languages> Parsing /usr/local/codeql/yaml/codeql-extractor.yml.
[2025-01-18 21:16:43] [DETAILS] resolve languages> Parsing /usr/local/codeql/ruby/codeql-extractor.yml.
[2025-01-18 21:16:43] [DETAILS] resolve languages> Parsing /usr/local/codeql/go/codeql-extractor.yml.
[2025-01-18 21:16:43] [DETAILS] resolve languages> Parsing /usr/local/codeql/python/codeql-extractor.yml.
[2025-01-18 21:16:43] [DETAILS] resolve languages> Parsing /usr/local/codeql/csharp/codeql-extractor.yml.
[2025-01-18 21:16:43] Plumbing command codeql resolve languages completed:
                      {
                        "aliases" : {
                          "c" : "cpp",
                          "c++" : "cpp",
                          "c-c++" : "cpp",
                          "c-cpp" : "cpp",
                          "c#" : "csharp",
                          "java-kotlin" : "java",
                          "kotlin" : "java",
                          "javascript-typescript" : "javascript",
                          "typescript" : "javascript"
                        },
                        "extractors" : {
                          "properties" : [
                            {
                              "extractor_root" : "/usr/local/codeql/properties"
                            }
                          ],
                          "csv" : [
                            {
                              "extractor_root" : "/usr/local/codeql/csv"
                            }
                          ],
                          "html" : [
                            {
                              "extractor_root" : "/usr/local/codeql/html"
                            }
                          ],
                          "swift" : [
                            {
                              "extractor_root" : "/usr/local/codeql/swift"
                            }
                          ],
                          "xml" : [
                            {
                              "extractor_root" : "/usr/local/codeql/xml"
                            }
                          ],
                          "javascript" : [
                            {
                              "extractor_root" : "/usr/local/codeql/javascript",
                              "extractor_options" : {
                                "skip_types" : {
                                  "title" : "Skip type extraction for TypeScript",
                                  "description" : "Whether to skip the extraction of types in a TypeScript application",
                                  "type" : "string",
                                  "pattern" : "^(false|true)$"
                                }
                              }
                            }
                          ],
                          "cpp" : [
                            {
                              "extractor_root" : "/usr/local/codeql/cpp",
                              "extractor_options" : {
                                "scale_timeouts" : {
                                  "title" : "Value to scale compiler introspection timeouts with",
                                  "description" : "The extractor attempts to determine what compiler the source code being extracted is compiled with. To this end the extractor makes additional calls to the compiler, some of which are expected to return within a certain fixed time (either 10s or 15s). On some systems that are under high load this time might be too short, and can be scaled up using this option.\n",
                                  "type" : "string",
                                  "pattern" : "[0-9]+"
                                },
                                "log_verbosity" : {
                                  "title" : "Verbosity of the extractor logging",
                                  "description" : "Set the verbosity of the extractor logging to 'quiet' (0), 'normal' (1), 'chatty' (2), or 'noisy' (3). The default is 'normal'.\n",
                                  "type" : "string",
                                  "pattern" : "[0-3]"
                                }
                              }
                            }
                          ],
                          "java" : [
                            {
                              "extractor_root" : "/usr/local/codeql/java",
                              "extractor_options" : {
                                "exclude" : {
                                  "title" : "A glob excluding files from analysis.",
                                  "description" : "A glob indicating what files to exclude from the analysis.\n",
                                  "type" : "string"
                                },
                                "add_prefer_source" : {
                                  "title" : "Whether to always prefer source files over class files.",
                                  "description" : "A value indicating whether source files should be preferred over class files. If set to 'true', the extraction adds '-Xprefer:source' to the javac command line. If set to 'false', the extraction uses the default javac behavior ('-Xprefer:newer'). The default is 'true'.\n",
                                  "type" : "string",
                                  "pattern" : "^(false|true)$"
                                },
                                "buildless" : {
                                  "title" : "Whether to use buildless (standalone) extraction (experimental).",
                                  "description" : "A value indicating, which type of extraction the autobuilder should perform. If 'true', then the standalone extractor will be used, otherwise tracing extraction will be performed. The default is 'false'. Note that buildless extraction will generally yield less accurate analysis results, and should only be used in cases where it is not possible to build the code (for example if it uses inaccessible dependencies).\n",
                                  "type" : "string",
                                  "pattern" : "^(false|true)$"
                                },
                                "file_hashes_out" : {
                                  "title" : "Path to write a JSON object giving the hashes of input source files",
                                  "description" : "Path to write a JSON object giving the hashes of input source files\n",
                                  "type" : "string"
                                },
                                "underlying_file_hashes" : {
                                  "title" : "Path to a file containing a JSON object giving the hashes of input source files",
                                  "description" : "The path to a file containing a JSON object giving the hashes of input source files. Only files whose hash differs from that given in this object (or which are not included) will be extracted.\n",
                                  "type" : "string"
                                }
                              }
                            }
                          ],
                          "yaml" : [
                            {
                              "extractor_root" : "/usr/local/codeql/yaml"
                            }
                          ],
                          "ruby" : [
                            {
                              "extractor_root" : "/usr/local/codeql/ruby",
                              "extractor_options" : {
                                "trap" : {
                                  "title" : "Options pertaining to TRAP.",
                                  "description" : "Options pertaining to TRAP.",
                                  "type" : "object",
                                  "properties" : {
                                    "compression" : {
                                      "title" : "Controls compression for the TRAP files written by the extractor.",
                                      "description" : "This option is only intended for use in debugging the extractor. Accepted values are 'gzip' (the default, to write gzip-compressed TRAP) and 'none' (to write uncompressed TRAP).\n",
                                      "type" : "string",
                                      "pattern" : "^(none|gzip)$"
                                    }
                                  }
                                }
                              }
                            }
                          ],
                          "go" : [
                            {
                              "extractor_root" : "/usr/local/codeql/go",
                              "extractor_options" : {
                                "extract_tests" : {
                                  "title" : "Whether to include Go test files in the CodeQL database.",
                                  "description" : "A value indicating whether Go test files should be included in the CodeQL database. The default is 'false'.\n",
                                  "type" : "string",
                                  "pattern" : "^(false|true)$"
                                },
                                "extract_vendor_dirs" : {
                                  "title" : "Whether to include Go vendor directories in the CodeQL database.",
                                  "description" : "A value indicating whether Go vendor directories should be included in the CodeQL database. The default is 'false'.\n",
                                  "type" : "string",
                                  "pattern" : "^(false|true)$"
                                }
                              }
                            }
                          ],
                          "python" : [
                            {
                              "extractor_root" : "/usr/local/codeql/python",
                              "extractor_options" : {
                                "logging" : {
                                  "title" : "Options pertaining to logging.",
                                  "description" : "Options pertaining to logging.",
                                  "type" : "object",
                                  "properties" : {
                                    "verbosity" : {
                                      "title" : "Python extractor logging verbosity level.",
                                      "description" : "Controls the level of verbosity of the CodeQL Python extractor.\nThe supported levels are (in order of increasing verbosity):\n\n  - off\n  - errors\n  - warnings\n  - info or progress\n  - debug or progress+\n  - trace or progress++\n  - progress+++\n",
                                      "type" : "string",
                                      "pattern" : "^(off|errors|warnings|(info|progress)|(debug|progress\\+)|(trace|progress\\+\\+)|progress\\+\\+\\+)$"
                                    }
                                  }
                                },
                                "python_executable_name" : {
                                  "title" : "Controls the name of the Python executable used by the Python extractor.",
                                  "description" : "The Python extractor uses platform-dependent heuristics to determine the name of the Python executable to use. Specifying a value for this option overrides the name of the Python executable used by the extractor. Accepted values are py, python and python3. Use this setting with caution, the Python extractor requires Python 3 to run.\n",
                                  "type" : "string",
                                  "pattern" : "^(py|python|python3)$"
                                }
                              }
                            }
                          ],
                          "csharp" : [
                            {
                              "extractor_root" : "/usr/local/codeql/csharp",
                              "extractor_options" : {
                                "trap" : {
                                  "title" : "Options pertaining to TRAP.",
                                  "description" : "Options pertaining to TRAP.",
                                  "type" : "object",
                                  "properties" : {
                                    "compression" : {
                                      "title" : "Controls compression for the TRAP files written by the extractor.",
                                      "description" : "This option is only intended for use in debugging the extractor. Accepted values are 'brotli' (the default, to write brotli-compressed TRAP), 'gzip', and 'none' (to write uncompressed TRAP).\n",
                                      "type" : "string",
                                      "pattern" : "^(none|gzip|brotli)$"
                                    }
                                  }
                                },
                                "buildless" : {
                                  "title" : "DEPRECATED - Whether to use buildless (standalone) extraction.",
                                  "description" : "DEPRECATED: Use `--build-mode none` instead.\nA value indicating, which type of extraction the autobuilder should perform. If 'true', then the standalone extractor will be used, otherwise tracing extraction will be performed. The default is 'false'. Note that buildless extraction will generally yield less accurate analysis results, and should only be used in cases where it is not possible to build the code (for example if it uses inaccessible dependencies).\n",
                                  "type" : "string",
                                  "pattern" : "^(false|true)$"
                                },
                                "logging" : {
                                  "title" : "Options pertaining to logging.",
                                  "description" : "Options pertaining to logging.",
                                  "type" : "object",
                                  "properties" : {
                                    "verbosity" : {
                                      "title" : "Extractor logging verbosity level.",
                                      "description" : "Controls the level of verbosity of the extractor. The supported levels are (in order of increasing verbosity):\n  - off\n  - errors\n  - warnings\n  - info or progress\n  - debug or progress+\n  - trace or progress++\n  - progress+++\n",
                                      "type" : "string",
                                      "pattern" : "^(off|errors|warnings|(info|progress)|(debug|progress\\+)|(trace|progress\\+\\+)|progress\\+\\+\\+)$"
                                    }
                                  }
                                },
                                "binlog" : {
                                  "title" : "Binlog",
                                  "description" : "[EXPERIMENTAL] The value is a path to the MsBuild binary log file that should be extracted. This option only works when `--build-mode none` is also specified.\n",
                                  "type" : "array"
                                }
                              }
                            }
                          ]
                        }
                      }
[2025-01-18 21:16:43] [SPAMMIER] database finalize> Loaded the following extractors: Java Properties Files, CSV, HTML, Swift, XML, JavaScript/TypeScript, C/C++, Java/Kotlin, YAML, Ruby, Go, Python, C#
[2025-01-18 21:16:43] [ERROR] database finalize> CodeQL did not detect any code written in languages supported by this CodeQL distribution (Java Properties Files, CSV, HTML, Swift, XML, JavaScript/TypeScript, C/C++, Java/Kotlin, YAML, Ruby, Go, Python or C#). Confirm that there is some source code for one of these languages in the project. For more information, review our troubleshooting guide at https://gh.io/troubleshooting-code-scanning/no-source-code-seen-during-build.
[2025-01-18 21:16:43] Plumbing command codeql database finalize completed with status 32.
[2025-01-18 21:16:43] Exiting with code 32
