[2025-01-18 21:16:33] This is codeql database create /mnt/c/GitHub/SpeQL/database/azure-api-db --language=javascript --source-root=/mnt/c/GitHub/azure-rest-api-specs/specification/logic/resource-manager/Microsoft.Logic/stable/* --threads=12 --ram=8192 --overwrite
[2025-01-18 21:16:33] Log file was started late.
[2025-01-18 21:16:33] [PROGRESS] database create> Initializing database at /mnt/c/GitHub/SpeQL/database/azure-api-db.
[2025-01-18 21:16:33] Running plumbing command: codeql database init --overwrite --language=javascript --extractor-options-verbosity=1 --qlconfig-file=/usr/local/codeql/qlconfig.yml --source-root=/mnt/c/GitHub/azure-rest-api-specs/specification/logic/resource-manager/Microsoft.Logic/stable/* --allow-missing-source-root=false --allow-already-existing -- /mnt/c/GitHub/SpeQL/database/azure-api-db
[2025-01-18 21:16:33] Exception caught at top level: Invalid source root: /mnt/c/GitHub/azure-rest-api-specs/specification/logic/resource-manager/Microsoft.Logic/stable/*.
                      com.semmle.cli2.database.InitCommand.executeSubcommand(InitCommand.java:168)
                      com.semmle.cli2.picocli.SubcommandCommon.lambda$executeSubcommandWithMessages$5(SubcommandCommon.java:892)
                      com.semmle.cli2.picocli.SubcommandCommon.withCompilationMessages(SubcommandCommon.java:444)
                      com.semmle.cli2.picocli.SubcommandCommon.executeSubcommandWithMessages(SubcommandCommon.java:890)
                      com.semmle.cli2.picocli.PlumbingRunner.run(PlumbingRunner.java:119)
                      com.semmle.cli2.picocli.SubcommandCommon.runPlumbingInProcess(SubcommandCommon.java:201)
                      com.semmle.cli2.database.CreateCommand.executeSubcommand(CreateCommand.java:113)
                      com.semmle.cli2.picocli.SubcommandCommon.lambda$executeSubcommandWithMessages$5(SubcommandCommon.java:892)
                      com.semmle.cli2.picocli.SubcommandCommon.withCompilationMessages(SubcommandCommon.java:444)
                      com.semmle.cli2.picocli.SubcommandCommon.executeSubcommandWithMessages(SubcommandCommon.java:890)
                      com.semmle.cli2.picocli.SubcommandCommon.toplevelMain(SubcommandCommon.java:777)
                      com.semmle.cli2.picocli.SubcommandCommon.call(SubcommandCommon.java:757)
                      com.semmle.cli2.picocli.SubcommandMaker.runMain(SubcommandMaker.java:238)
                      com.semmle.cli2.picocli.SubcommandMaker.runMain(SubcommandMaker.java:259)
                      com.semmle.cli2.CodeQL.main(CodeQL.java:115)
