[2025-01-18 21:26:29] This is codeql database create /mnt/c/GitHub/SpeQL/database/azure-api-db --language=javascript --source-root=/mnt/c/GitHub/azure-rest-api-specs/specification/logic --threads=12 --ram=8192 --overwrite --codescanning-config=/mnt/c/GitHub/SpeQL/config/SpeQL.yml
[2025-01-18 21:26:29] Log file was started late.
[2025-01-18 21:26:29] [PROGRESS] database create> Initializing database at /mnt/c/GitHub/SpeQL/database/azure-api-db.
[2025-01-18 21:26:29] Running plumbing command: codeql database init --overwrite --codescanning-config=/mnt/c/GitHub/SpeQL/config/SpeQL.yml --language=javascript --extractor-options-verbosity=1 --qlconfig-file=/usr/local/codeql/qlconfig.yml --source-root=/mnt/c/GitHub/azure-rest-api-specs/specification/logic --allow-missing-source-root=false --allow-already-existing -- /mnt/c/GitHub/SpeQL/database/azure-api-db
[2025-01-18 21:26:29] Calling plumbing command: codeql resolve languages --extractor-options-verbosity=1 --format=betterjson
[2025-01-18 21:26:30] [DETAILS] resolve languages> Scanning for [codeql-extractor.yml] from /usr/local/codeql/.codeqlmanifest.json
[2025-01-18 21:26:30] [DETAILS] resolve languages> Parsing /usr/local/codeql/properties/codeql-extractor.yml.
[2025-01-18 21:26:30] [DETAILS] resolve languages> Parsing /usr/local/codeql/csv/codeql-extractor.yml.
[2025-01-18 21:26:30] [DETAILS] resolve languages> Parsing /usr/local/codeql/html/codeql-extractor.yml.
[2025-01-18 21:26:30] [DETAILS] resolve languages> Parsing /usr/local/codeql/swift/codeql-extractor.yml.
[2025-01-18 21:26:30] [DETAILS] resolve languages> Parsing /usr/local/codeql/xml/codeql-extractor.yml.
[2025-01-18 21:26:30] [DETAILS] resolve languages> Parsing /usr/local/codeql/javascript/codeql-extractor.yml.
[2025-01-18 21:26:30] [DETAILS] resolve languages> Parsing /usr/local/codeql/cpp/codeql-extractor.yml.
[2025-01-18 21:26:30] [DETAILS] resolve languages> Parsing /usr/local/codeql/java/codeql-extractor.yml.
[2025-01-18 21:26:30] [DETAILS] resolve languages> Parsing /usr/local/codeql/yaml/codeql-extractor.yml.
[2025-01-18 21:26:30] [DETAILS] resolve languages> Parsing /usr/local/codeql/ruby/codeql-extractor.yml.
[2025-01-18 21:26:30] [DETAILS] resolve languages> Parsing /usr/local/codeql/go/codeql-extractor.yml.
[2025-01-18 21:26:30] [DETAILS] resolve languages> Parsing /usr/local/codeql/python/codeql-extractor.yml.
[2025-01-18 21:26:30] [DETAILS] resolve languages> Parsing /usr/local/codeql/csharp/codeql-extractor.yml.
[2025-01-18 21:26:30] Plumbing command codeql resolve languages completed:
                      {
                        "aliases" : {
                          "c" : "cpp",
                          "c++" : "cpp",
                          "c-c++" : "cpp",
                          "c-cpp" : "cpp",
                          "c#" : "csharp",
                          "java-kotlin" : "java",
                          "kotlin" : "java",
                          "javascript-typescript" : "javascript",
                          "typescript" : "javascript"
                        },
                        "extractors" : {
                          "properties" : [
                            {
                              "extractor_root" : "/usr/local/codeql/properties"
                            }
                          ],
                          "csv" : [
                            {
                              "extractor_root" : "/usr/local/codeql/csv"
                            }
                          ],
                          "html" : [
                            {
                              "extractor_root" : "/usr/local/codeql/html"
                            }
                          ],
                          "swift" : [
                            {
                              "extractor_root" : "/usr/local/codeql/swift"
                            }
                          ],
                          "xml" : [
                            {
                              "extractor_root" : "/usr/local/codeql/xml"
                            }
                          ],
                          "javascript" : [
                            {
                              "extractor_root" : "/usr/local/codeql/javascript",
                              "extractor_options" : {
                                "skip_types" : {
                                  "title" : "Skip type extraction for TypeScript",
                                  "description" : "Whether to skip the extraction of types in a TypeScript application",
                                  "type" : "string",
                                  "pattern" : "^(false|true)$"
                                }
                              }
                            }
                          ],
                          "cpp" : [
                            {
                              "extractor_root" : "/usr/local/codeql/cpp",
                              "extractor_options" : {
                                "scale_timeouts" : {
                                  "title" : "Value to scale compiler introspection timeouts with",
                                  "description" : "The extractor attempts to determine what compiler the source code being extracted is compiled with. To this end the extractor makes additional calls to the compiler, some of which are expected to return within a certain fixed time (either 10s or 15s). On some systems that are under high load this time might be too short, and can be scaled up using this option.\n",
                                  "type" : "string",
                                  "pattern" : "[0-9]+"
                                },
                                "log_verbosity" : {
                                  "title" : "Verbosity of the extractor logging",
                                  "description" : "Set the verbosity of the extractor logging to 'quiet' (0), 'normal' (1), 'chatty' (2), or 'noisy' (3). The default is 'normal'.\n",
                                  "type" : "string",
                                  "pattern" : "[0-3]"
                                }
                              }
                            }
                          ],
                          "java" : [
                            {
                              "extractor_root" : "/usr/local/codeql/java",
                              "extractor_options" : {
                                "exclude" : {
                                  "title" : "A glob excluding files from analysis.",
                                  "description" : "A glob indicating what files to exclude from the analysis.\n",
                                  "type" : "string"
                                },
                                "add_prefer_source" : {
                                  "title" : "Whether to always prefer source files over class files.",
                                  "description" : "A value indicating whether source files should be preferred over class files. If set to 'true', the extraction adds '-Xprefer:source' to the javac command line. If set to 'false', the extraction uses the default javac behavior ('-Xprefer:newer'). The default is 'true'.\n",
                                  "type" : "string",
                                  "pattern" : "^(false|true)$"
                                },
                                "buildless" : {
                                  "title" : "Whether to use buildless (standalone) extraction (experimental).",
                                  "description" : "A value indicating, which type of extraction the autobuilder should perform. If 'true', then the standalone extractor will be used, otherwise tracing extraction will be performed. The default is 'false'. Note that buildless extraction will generally yield less accurate analysis results, and should only be used in cases where it is not possible to build the code (for example if it uses inaccessible dependencies).\n",
                                  "type" : "string",
                                  "pattern" : "^(false|true)$"
                                },
                                "file_hashes_out" : {
                                  "title" : "Path to write a JSON object giving the hashes of input source files",
                                  "description" : "Path to write a JSON object giving the hashes of input source files\n",
                                  "type" : "string"
                                },
                                "underlying_file_hashes" : {
                                  "title" : "Path to a file containing a JSON object giving the hashes of input source files",
                                  "description" : "The path to a file containing a JSON object giving the hashes of input source files. Only files whose hash differs from that given in this object (or which are not included) will be extracted.\n",
                                  "type" : "string"
                                }
                              }
                            }
                          ],
                          "yaml" : [
                            {
                              "extractor_root" : "/usr/local/codeql/yaml"
                            }
                          ],
                          "ruby" : [
                            {
                              "extractor_root" : "/usr/local/codeql/ruby",
                              "extractor_options" : {
                                "trap" : {
                                  "title" : "Options pertaining to TRAP.",
                                  "description" : "Options pertaining to TRAP.",
                                  "type" : "object",
                                  "properties" : {
                                    "compression" : {
                                      "title" : "Controls compression for the TRAP files written by the extractor.",
                                      "description" : "This option is only intended for use in debugging the extractor. Accepted values are 'gzip' (the default, to write gzip-compressed TRAP) and 'none' (to write uncompressed TRAP).\n",
                                      "type" : "string",
                                      "pattern" : "^(none|gzip)$"
                                    }
                                  }
                                }
                              }
                            }
                          ],
                          "go" : [
                            {
                              "extractor_root" : "/usr/local/codeql/go",
                              "extractor_options" : {
                                "extract_tests" : {
                                  "title" : "Whether to include Go test files in the CodeQL database.",
                                  "description" : "A value indicating whether Go test files should be included in the CodeQL database. The default is 'false'.\n",
                                  "type" : "string",
                                  "pattern" : "^(false|true)$"
                                },
                                "extract_vendor_dirs" : {
                                  "title" : "Whether to include Go vendor directories in the CodeQL database.",
                                  "description" : "A value indicating whether Go vendor directories should be included in the CodeQL database. The default is 'false'.\n",
                                  "type" : "string",
                                  "pattern" : "^(false|true)$"
                                }
                              }
                            }
                          ],
                          "python" : [
                            {
                              "extractor_root" : "/usr/local/codeql/python",
                              "extractor_options" : {
                                "logging" : {
                                  "title" : "Options pertaining to logging.",
                                  "description" : "Options pertaining to logging.",
                                  "type" : "object",
                                  "properties" : {
                                    "verbosity" : {
                                      "title" : "Python extractor logging verbosity level.",
                                      "description" : "Controls the level of verbosity of the CodeQL Python extractor.\nThe supported levels are (in order of increasing verbosity):\n\n  - off\n  - errors\n  - warnings\n  - info or progress\n  - debug or progress+\n  - trace or progress++\n  - progress+++\n",
                                      "type" : "string",
                                      "pattern" : "^(off|errors|warnings|(info|progress)|(debug|progress\\+)|(trace|progress\\+\\+)|progress\\+\\+\\+)$"
                                    }
                                  }
                                },
                                "python_executable_name" : {
                                  "title" : "Controls the name of the Python executable used by the Python extractor.",
                                  "description" : "The Python extractor uses platform-dependent heuristics to determine the name of the Python executable to use. Specifying a value for this option overrides the name of the Python executable used by the extractor. Accepted values are py, python and python3. Use this setting with caution, the Python extractor requires Python 3 to run.\n",
                                  "type" : "string",
                                  "pattern" : "^(py|python|python3)$"
                                }
                              }
                            }
                          ],
                          "csharp" : [
                            {
                              "extractor_root" : "/usr/local/codeql/csharp",
                              "extractor_options" : {
                                "trap" : {
                                  "title" : "Options pertaining to TRAP.",
                                  "description" : "Options pertaining to TRAP.",
                                  "type" : "object",
                                  "properties" : {
                                    "compression" : {
                                      "title" : "Controls compression for the TRAP files written by the extractor.",
                                      "description" : "This option is only intended for use in debugging the extractor. Accepted values are 'brotli' (the default, to write brotli-compressed TRAP), 'gzip', and 'none' (to write uncompressed TRAP).\n",
                                      "type" : "string",
                                      "pattern" : "^(none|gzip|brotli)$"
                                    }
                                  }
                                },
                                "buildless" : {
                                  "title" : "DEPRECATED - Whether to use buildless (standalone) extraction.",
                                  "description" : "DEPRECATED: Use `--build-mode none` instead.\nA value indicating, which type of extraction the autobuilder should perform. If 'true', then the standalone extractor will be used, otherwise tracing extraction will be performed. The default is 'false'. Note that buildless extraction will generally yield less accurate analysis results, and should only be used in cases where it is not possible to build the code (for example if it uses inaccessible dependencies).\n",
                                  "type" : "string",
                                  "pattern" : "^(false|true)$"
                                },
                                "logging" : {
                                  "title" : "Options pertaining to logging.",
                                  "description" : "Options pertaining to logging.",
                                  "type" : "object",
                                  "properties" : {
                                    "verbosity" : {
                                      "title" : "Extractor logging verbosity level.",
                                      "description" : "Controls the level of verbosity of the extractor. The supported levels are (in order of increasing verbosity):\n  - off\n  - errors\n  - warnings\n  - info or progress\n  - debug or progress+\n  - trace or progress++\n  - progress+++\n",
                                      "type" : "string",
                                      "pattern" : "^(off|errors|warnings|(info|progress)|(debug|progress\\+)|(trace|progress\\+\\+)|progress\\+\\+\\+)$"
                                    }
                                  }
                                },
                                "binlog" : {
                                  "title" : "Binlog",
                                  "description" : "[EXPERIMENTAL] The value is a path to the MsBuild binary log file that should be extracted. This option only works when `--build-mode none` is also specified.\n",
                                  "type" : "array"
                                }
                              }
                            }
                          ]
                        }
                      }
[2025-01-18 21:26:30] Calling plumbing command: codeql database process-config --source-root /mnt/c/GitHub/azure-rest-api-specs/specification/logic --overwrite --codescanning-config=/mnt/c/GitHub/SpeQL/config/SpeQL.yml --language=javascript --extractor-options-verbosity=1 --qlconfig-file=/usr/local/codeql/qlconfig.yml /mnt/c/GitHub/SpeQL/database/azure-api-db
[2025-01-18 21:26:30] Exception caught at top level: Config file supplied is not valid
                      (eventual cause: ScannerException "while scanning an alias...")
                      com.semmle.cli2.database.UserConfig.parseFromFile(UserConfig.java:96)
                      com.semmle.cli2.config.CodeQLConfig.parseUserConfigFile(CodeQLConfig.java:179)
                      com.semmle.cli2.database.ProcessConfigCommand.executeJSON(ProcessConfigCommand.java:156)
                      com.semmle.cli2.database.ProcessConfigCommand.executeJSON(ProcessConfigCommand.java:83)
                      com.semmle.cli2.picocli.SimpleJsonSubcommand.executeInsistingOnJSONWithExistingMessages(SimpleJsonSubcommand.java:121)
                      com.semmle.cli2.picocli.SubcommandCommon.withCompilationMessages(SubcommandCommon.java:444)
                      com.semmle.cli2.picocli.SimpleJsonSubcommand.executeInsistingOnJSON(SimpleJsonSubcommand.java:110)
                      com.semmle.cli2.picocli.PlumbingRunner.call(PlumbingRunner.java:61)
                      com.semmle.cli2.picocli.SubcommandCommon.callPlumbingInProcess(SubcommandCommon.java:170)
                      com.semmle.cli2.database.InitCommand.parseConfigFile(InitCommand.java:262)
                      com.semmle.cli2.database.InitCommand.executeSubcommand(InitCommand.java:205)
                      com.semmle.cli2.picocli.SubcommandCommon.lambda$executeSubcommandWithMessages$5(SubcommandCommon.java:892)
                      com.semmle.cli2.picocli.SubcommandCommon.withCompilationMessages(SubcommandCommon.java:444)
                      com.semmle.cli2.picocli.SubcommandCommon.executeSubcommandWithMessages(SubcommandCommon.java:890)
                      com.semmle.cli2.picocli.PlumbingRunner.run(PlumbingRunner.java:119)
                      com.semmle.cli2.picocli.SubcommandCommon.runPlumbingInProcess(SubcommandCommon.java:201)
                      com.semmle.cli2.database.CreateCommand.executeSubcommand(CreateCommand.java:113)
                      com.semmle.cli2.picocli.SubcommandCommon.lambda$executeSubcommandWithMessages$5(SubcommandCommon.java:892)
                      com.semmle.cli2.picocli.SubcommandCommon.withCompilationMessages(SubcommandCommon.java:444)
                      com.semmle.cli2.picocli.SubcommandCommon.executeSubcommandWithMessages(SubcommandCommon.java:890)
                      com.semmle.cli2.picocli.SubcommandCommon.toplevelMain(SubcommandCommon.java:777)
                      com.semmle.cli2.picocli.SubcommandCommon.call(SubcommandCommon.java:757)
                      com.semmle.cli2.picocli.SubcommandMaker.runMain(SubcommandMaker.java:238)
                      com.semmle.cli2.picocli.SubcommandMaker.runMain(SubcommandMaker.java:259)
                      com.semmle.cli2.CodeQL.main(CodeQL.java:115)
                      
                       ... caused by:
                      
                      com.fasterxml.jackson.databind.JsonMappingException: while scanning an alias
                       in 'reader', line 3, column 4:
                           - *.json  # include json files
                             ^
                      unexpected character found .(46)
                       in 'reader', line 3, column 5:
                           - *.json  # include json files
                              ^
                      
                       at [Source: (StringReader); line: 2, column: 5] (through reference chain: com.semmle.cli2.database.UserConfig["paths"]->java.util.ArrayList[1])
                      com.fasterxml.jackson.databind.JsonMappingException.wrapWithPath(JsonMappingException.java:402)
                      com.fasterxml.jackson.databind.JsonMappingException.wrapWithPath(JsonMappingException.java:373)
                      com.fasterxml.jackson.databind.deser.std.StringCollectionDeserializer.deserialize(StringCollectionDeserializer.java:223)
                      com.fasterxml.jackson.databind.deser.std.StringCollectionDeserializer.deserialize(StringCollectionDeserializer.java:184)
                      com.fasterxml.jackson.databind.deser.std.StringCollectionDeserializer.deserialize(StringCollectionDeserializer.java:27)
                      com.fasterxml.jackson.databind.deser.std.DelegatingDeserializer.deserialize(DelegatingDeserializer.java:107)
                      com.semmle.frontend.serialization.SerializationSupport$ImmutableCollectionDeserializer.deserialize(SerializationSupport.java:737)
                      com.fasterxml.jackson.databind.deser.std.ReferenceTypeDeserializer.deserialize(ReferenceTypeDeserializer.java:204)
                      com.fasterxml.jackson.databind.deser.SettableBeanProperty.deserialize(SettableBeanProperty.java:545)
                      com.fasterxml.jackson.databind.deser.BeanDeserializer._deserializeWithErrorWrapping(BeanDeserializer.java:570)
                      com.fasterxml.jackson.databind.deser.BeanDeserializer._deserializeUsingPropertyBased(BeanDeserializer.java:440)
                      com.fasterxml.jackson.databind.deser.BeanDeserializerBase.deserializeFromObjectUsingNonDefault(BeanDeserializerBase.java:1493)
                      com.fasterxml.jackson.databind.deser.BeanDeserializer.deserializeFromObject(BeanDeserializer.java:348)
                      com.fasterxml.jackson.databind.deser.BeanDeserializer.deserialize(BeanDeserializer.java:185)
                      com.fasterxml.jackson.databind.deser.DefaultDeserializationContext.readRootValue(DefaultDeserializationContext.java:342)
                      com.fasterxml.jackson.databind.ObjectReader._bindAndClose(ObjectReader.java:2125)
                      com.fasterxml.jackson.databind.ObjectReader.readValue(ObjectReader.java:1566)
                      com.semmle.frontend.serialization.SerializationSupport$VfsSource.readValue(SerializationSupport.java:247)
                      com.semmle.frontend.serialization.SerializationSupport$YamlSource.loadChecked(SerializationSupport.java:159)
                      com.semmle.frontend.serialization.SerializationSupport$YamlSource.loadChecked(SerializationSupport.java:128)
                      com.semmle.frontend.serialization.SerializationSupport.loadYamlChecked(SerializationSupport.java:359)
                      com.semmle.cli2.database.UserConfig.parseFromFile(UserConfig.java:86)
                      com.semmle.cli2.config.CodeQLConfig.parseUserConfigFile(CodeQLConfig.java:179)
                      com.semmle.cli2.database.ProcessConfigCommand.executeJSON(ProcessConfigCommand.java:156)
                      com.semmle.cli2.database.ProcessConfigCommand.executeJSON(ProcessConfigCommand.java:83)
                      com.semmle.cli2.picocli.SimpleJsonSubcommand.executeInsistingOnJSONWithExistingMessages(SimpleJsonSubcommand.java:121)
                      com.semmle.cli2.picocli.SubcommandCommon.withCompilationMessages(SubcommandCommon.java:444)
                      com.semmle.cli2.picocli.SimpleJsonSubcommand.executeInsistingOnJSON(SimpleJsonSubcommand.java:110)
                      com.semmle.cli2.picocli.PlumbingRunner.call(PlumbingRunner.java:61)
                      com.semmle.cli2.picocli.SubcommandCommon.callPlumbingInProcess(SubcommandCommon.java:170)
                      com.semmle.cli2.database.InitCommand.parseConfigFile(InitCommand.java:262)
                      com.semmle.cli2.database.InitCommand.executeSubcommand(InitCommand.java:205)
                      com.semmle.cli2.picocli.SubcommandCommon.lambda$executeSubcommandWithMessages$5(SubcommandCommon.java:892)
                      com.semmle.cli2.picocli.SubcommandCommon.withCompilationMessages(SubcommandCommon.java:444)
                      com.semmle.cli2.picocli.SubcommandCommon.executeSubcommandWithMessages(SubcommandCommon.java:890)
                      com.semmle.cli2.picocli.PlumbingRunner.run(PlumbingRunner.java:119)
                      com.semmle.cli2.picocli.SubcommandCommon.runPlumbingInProcess(SubcommandCommon.java:201)
                      com.semmle.cli2.database.CreateCommand.executeSubcommand(CreateCommand.java:113)
                      com.semmle.cli2.picocli.SubcommandCommon.lambda$executeSubcommandWithMessages$5(SubcommandCommon.java:892)
                      com.semmle.cli2.picocli.SubcommandCommon.withCompilationMessages(SubcommandCommon.java:444)
                      com.semmle.cli2.picocli.SubcommandCommon.executeSubcommandWithMessages(SubcommandCommon.java:890)
                      com.semmle.cli2.picocli.SubcommandCommon.toplevelMain(SubcommandCommon.java:777)
                      com.semmle.cli2.picocli.SubcommandCommon.call(SubcommandCommon.java:757)
                      com.semmle.cli2.picocli.SubcommandMaker.runMain(SubcommandMaker.java:238)
                      com.semmle.cli2.picocli.SubcommandMaker.runMain(SubcommandMaker.java:259)
                      com.semmle.cli2.CodeQL.main(CodeQL.java:115)
                      
                       ... caused by:
                      
                      com.fasterxml.jackson.dataformat.yaml.snakeyaml.error.MarkedYAMLException: while scanning an alias
                       in 'reader', line 3, column 4:
                           - *.json  # include json files
                             ^
                      unexpected character found .(46)
                       in 'reader', line 3, column 5:
                           - *.json  # include json files
                              ^
                      
                       at [Source: (StringReader); line: 2, column: 5]
                      com.fasterxml.jackson.dataformat.yaml.snakeyaml.error.MarkedYAMLException.from(MarkedYAMLException.java:28)
                      com.fasterxml.jackson.dataformat.yaml.YAMLParser.nextToken(YAMLParser.java:433)
                      com.fasterxml.jackson.core.JsonParser.nextTextValue(JsonParser.java:1116)
                      com.fasterxml.jackson.databind.deser.std.StringCollectionDeserializer.deserialize(StringCollectionDeserializer.java:203)
                      com.fasterxml.jackson.databind.deser.std.StringCollectionDeserializer.deserialize(StringCollectionDeserializer.java:184)
                      com.fasterxml.jackson.databind.deser.std.StringCollectionDeserializer.deserialize(StringCollectionDeserializer.java:27)
                      com.fasterxml.jackson.databind.deser.std.DelegatingDeserializer.deserialize(DelegatingDeserializer.java:107)
                      com.semmle.frontend.serialization.SerializationSupport$ImmutableCollectionDeserializer.deserialize(SerializationSupport.java:737)
                      com.fasterxml.jackson.databind.deser.std.ReferenceTypeDeserializer.deserialize(ReferenceTypeDeserializer.java:204)
                      com.fasterxml.jackson.databind.deser.SettableBeanProperty.deserialize(SettableBeanProperty.java:545)
                      com.fasterxml.jackson.databind.deser.BeanDeserializer._deserializeWithErrorWrapping(BeanDeserializer.java:570)
                      com.fasterxml.jackson.databind.deser.BeanDeserializer._deserializeUsingPropertyBased(BeanDeserializer.java:440)
                      com.fasterxml.jackson.databind.deser.BeanDeserializerBase.deserializeFromObjectUsingNonDefault(BeanDeserializerBase.java:1493)
                      com.fasterxml.jackson.databind.deser.BeanDeserializer.deserializeFromObject(BeanDeserializer.java:348)
                      com.fasterxml.jackson.databind.deser.BeanDeserializer.deserialize(BeanDeserializer.java:185)
                      com.fasterxml.jackson.databind.deser.DefaultDeserializationContext.readRootValue(DefaultDeserializationContext.java:342)
                      com.fasterxml.jackson.databind.ObjectReader._bindAndClose(ObjectReader.java:2125)
                      com.fasterxml.jackson.databind.ObjectReader.readValue(ObjectReader.java:1566)
                      com.semmle.frontend.serialization.SerializationSupport$VfsSource.readValue(SerializationSupport.java:247)
                      com.semmle.frontend.serialization.SerializationSupport$YamlSource.loadChecked(SerializationSupport.java:159)
                      com.semmle.frontend.serialization.SerializationSupport$YamlSource.loadChecked(SerializationSupport.java:128)
                      com.semmle.frontend.serialization.SerializationSupport.loadYamlChecked(SerializationSupport.java:359)
                      com.semmle.cli2.database.UserConfig.parseFromFile(UserConfig.java:86)
                      com.semmle.cli2.config.CodeQLConfig.parseUserConfigFile(CodeQLConfig.java:179)
                      com.semmle.cli2.database.ProcessConfigCommand.executeJSON(ProcessConfigCommand.java:156)
                      com.semmle.cli2.database.ProcessConfigCommand.executeJSON(ProcessConfigCommand.java:83)
                      com.semmle.cli2.picocli.SimpleJsonSubcommand.executeInsistingOnJSONWithExistingMessages(SimpleJsonSubcommand.java:121)
                      com.semmle.cli2.picocli.SubcommandCommon.withCompilationMessages(SubcommandCommon.java:444)
                      com.semmle.cli2.picocli.SimpleJsonSubcommand.executeInsistingOnJSON(SimpleJsonSubcommand.java:110)
                      com.semmle.cli2.picocli.PlumbingRunner.call(PlumbingRunner.java:61)
                      com.semmle.cli2.picocli.SubcommandCommon.callPlumbingInProcess(SubcommandCommon.java:170)
                      com.semmle.cli2.database.InitCommand.parseConfigFile(InitCommand.java:262)
                      com.semmle.cli2.database.InitCommand.executeSubcommand(InitCommand.java:205)
                      com.semmle.cli2.picocli.SubcommandCommon.lambda$executeSubcommandWithMessages$5(SubcommandCommon.java:892)
                      com.semmle.cli2.picocli.SubcommandCommon.withCompilationMessages(SubcommandCommon.java:444)
                      com.semmle.cli2.picocli.SubcommandCommon.executeSubcommandWithMessages(SubcommandCommon.java:890)
                      com.semmle.cli2.picocli.PlumbingRunner.run(PlumbingRunner.java:119)
                      com.semmle.cli2.picocli.SubcommandCommon.runPlumbingInProcess(SubcommandCommon.java:201)
                      com.semmle.cli2.database.CreateCommand.executeSubcommand(CreateCommand.java:113)
                      com.semmle.cli2.picocli.SubcommandCommon.lambda$executeSubcommandWithMessages$5(SubcommandCommon.java:892)
                      com.semmle.cli2.picocli.SubcommandCommon.withCompilationMessages(SubcommandCommon.java:444)
                      com.semmle.cli2.picocli.SubcommandCommon.executeSubcommandWithMessages(SubcommandCommon.java:890)
                      com.semmle.cli2.picocli.SubcommandCommon.toplevelMain(SubcommandCommon.java:777)
                      com.semmle.cli2.picocli.SubcommandCommon.call(SubcommandCommon.java:757)
                      com.semmle.cli2.picocli.SubcommandMaker.runMain(SubcommandMaker.java:238)
                      com.semmle.cli2.picocli.SubcommandMaker.runMain(SubcommandMaker.java:259)
                      com.semmle.cli2.CodeQL.main(CodeQL.java:115)
                      
                       ... caused by:
                      
                      while scanning an alias
                       in 'reader', line 3, column 4:
                           - *.json  # include json files
                             ^
                      unexpected character found .(46)
                       in 'reader', line 3, column 5:
                           - *.json  # include json files
                              ^
                      
                      org.yaml.snakeyaml.scanner.ScannerImpl.scanAnchor(ScannerImpl.java:1503)
                      org.yaml.snakeyaml.scanner.ScannerImpl.fetchAlias(ScannerImpl.java:947)
                      org.yaml.snakeyaml.scanner.ScannerImpl.fetchMoreTokens(ScannerImpl.java:397)
                      org.yaml.snakeyaml.scanner.ScannerImpl.checkToken(ScannerImpl.java:238)
                      org.yaml.snakeyaml.parser.ParserImpl$ParseBlockSequenceEntryValue.produce(ParserImpl.java:567)
                      org.yaml.snakeyaml.parser.ParserImpl$ParseBlockSequenceEntryKey.produce(ParserImpl.java:543)
                      org.yaml.snakeyaml.parser.ParserImpl.peekEvent(ParserImpl.java:161)
                      org.yaml.snakeyaml.parser.ParserImpl.getEvent(ParserImpl.java:170)
                      com.fasterxml.jackson.dataformat.yaml.YAMLParser.nextToken(YAMLParser.java:429)
                      com.fasterxml.jackson.core.JsonParser.nextTextValue(JsonParser.java:1116)
                      com.fasterxml.jackson.databind.deser.std.StringCollectionDeserializer.deserialize(StringCollectionDeserializer.java:203)
                      com.fasterxml.jackson.databind.deser.std.StringCollectionDeserializer.deserialize(StringCollectionDeserializer.java:184)
                      com.fasterxml.jackson.databind.deser.std.StringCollectionDeserializer.deserialize(StringCollectionDeserializer.java:27)
                      com.fasterxml.jackson.databind.deser.std.DelegatingDeserializer.deserialize(DelegatingDeserializer.java:107)
                      com.semmle.frontend.serialization.SerializationSupport$ImmutableCollectionDeserializer.deserialize(SerializationSupport.java:737)
                      com.fasterxml.jackson.databind.deser.std.ReferenceTypeDeserializer.deserialize(ReferenceTypeDeserializer.java:204)
                      com.fasterxml.jackson.databind.deser.SettableBeanProperty.deserialize(SettableBeanProperty.java:545)
                      com.fasterxml.jackson.databind.deser.BeanDeserializer._deserializeWithErrorWrapping(BeanDeserializer.java:570)
                      com.fasterxml.jackson.databind.deser.BeanDeserializer._deserializeUsingPropertyBased(BeanDeserializer.java:440)
                      com.fasterxml.jackson.databind.deser.BeanDeserializerBase.deserializeFromObjectUsingNonDefault(BeanDeserializerBase.java:1493)
                      com.fasterxml.jackson.databind.deser.BeanDeserializer.deserializeFromObject(BeanDeserializer.java:348)
                      com.fasterxml.jackson.databind.deser.BeanDeserializer.deserialize(BeanDeserializer.java:185)
                      com.fasterxml.jackson.databind.deser.DefaultDeserializationContext.readRootValue(DefaultDeserializationContext.java:342)
                      com.fasterxml.jackson.databind.ObjectReader._bindAndClose(ObjectReader.java:2125)
                      com.fasterxml.jackson.databind.ObjectReader.readValue(ObjectReader.java:1566)
                      com.semmle.frontend.serialization.SerializationSupport$VfsSource.readValue(SerializationSupport.java:247)
                      com.semmle.frontend.serialization.SerializationSupport$YamlSource.loadChecked(SerializationSupport.java:159)
                      com.semmle.frontend.serialization.SerializationSupport$YamlSource.loadChecked(SerializationSupport.java:128)
                      com.semmle.frontend.serialization.SerializationSupport.loadYamlChecked(SerializationSupport.java:359)
                      com.semmle.cli2.database.UserConfig.parseFromFile(UserConfig.java:86)
                      com.semmle.cli2.config.CodeQLConfig.parseUserConfigFile(CodeQLConfig.java:179)
                      com.semmle.cli2.database.ProcessConfigCommand.executeJSON(ProcessConfigCommand.java:156)
                      com.semmle.cli2.database.ProcessConfigCommand.executeJSON(ProcessConfigCommand.java:83)
                      com.semmle.cli2.picocli.SimpleJsonSubcommand.executeInsistingOnJSONWithExistingMessages(SimpleJsonSubcommand.java:121)
                      com.semmle.cli2.picocli.SubcommandCommon.withCompilationMessages(SubcommandCommon.java:444)
                      com.semmle.cli2.picocli.SimpleJsonSubcommand.executeInsistingOnJSON(SimpleJsonSubcommand.java:110)
                      com.semmle.cli2.picocli.PlumbingRunner.call(PlumbingRunner.java:61)
                      com.semmle.cli2.picocli.SubcommandCommon.callPlumbingInProcess(SubcommandCommon.java:170)
                      com.semmle.cli2.database.InitCommand.parseConfigFile(InitCommand.java:262)
                      com.semmle.cli2.database.InitCommand.executeSubcommand(InitCommand.java:205)
                      com.semmle.cli2.picocli.SubcommandCommon.lambda$executeSubcommandWithMessages$5(SubcommandCommon.java:892)
                      com.semmle.cli2.picocli.SubcommandCommon.withCompilationMessages(SubcommandCommon.java:444)
                      com.semmle.cli2.picocli.SubcommandCommon.executeSubcommandWithMessages(SubcommandCommon.java:890)
                      com.semmle.cli2.picocli.PlumbingRunner.run(PlumbingRunner.java:119)
                      com.semmle.cli2.picocli.SubcommandCommon.runPlumbingInProcess(SubcommandCommon.java:201)
                      com.semmle.cli2.database.CreateCommand.executeSubcommand(CreateCommand.java:113)
                      com.semmle.cli2.picocli.SubcommandCommon.lambda$executeSubcommandWithMessages$5(SubcommandCommon.java:892)
                      com.semmle.cli2.picocli.SubcommandCommon.withCompilationMessages(SubcommandCommon.java:444)
                      com.semmle.cli2.picocli.SubcommandCommon.executeSubcommandWithMessages(SubcommandCommon.java:890)
                      com.semmle.cli2.picocli.SubcommandCommon.toplevelMain(SubcommandCommon.java:777)
                      com.semmle.cli2.picocli.SubcommandCommon.call(SubcommandCommon.java:757)
                      com.semmle.cli2.picocli.SubcommandMaker.runMain(SubcommandMaker.java:238)
                      com.semmle.cli2.picocli.SubcommandMaker.runMain(SubcommandMaker.java:259)
                      com.semmle.cli2.CodeQL.main(CodeQL.java:115)
