[2025-01-18 20:40:53] This is codeql execute queries -J-Xmx1800M --off-heap-ram=1445 --verbosity=progress --logdir=/mnt/c/GitHub/SpeQL/database/azure-api-db/log --evaluator-log-level=5 --warnings=show --dynamic-join-order-mode=none --qlconfig-file=/usr/local/codeql/qlconfig.yml -- /mnt/c/GitHub/SpeQL/database/azure-api-db/db-javascript path:/mnt/c/GitHub/SpeQL/src/queries/azure/azure-sas-uri-in-api-response.ql
[2025-01-18 20:40:53] Calling plumbing command: codeql resolve queries --qlconfig-file=/usr/local/codeql/qlconfig.yml --format=json -- path:/mnt/c/GitHub/SpeQL/src/queries/azure/azure-sas-uri-in-api-response.ql
[2025-01-18 20:40:53] [PROGRESS] resolve queries> Recording pack reference (anonymous QL pack at /mnt/c/GitHub/SpeQL/src/queries/azure/azure-sas-uri-in-api-response.ql) at /mnt/c/GitHub/SpeQL/src/queries/azure.
[2025-01-18 20:40:54] Plumbing command codeql resolve queries completed:
                      [
                        "/mnt/c/GitHub/SpeQL/src/queries/azure/azure-sas-uri-in-api-response.ql"
                      ]
[2025-01-18 20:40:54] Creating executor with 1 threads.
[2025-01-18 20:40:54] Calling plumbing command: codeql resolve extensions --qlconfig-file=/usr/local/codeql/qlconfig.yml --include-extension-row-locations path:/mnt/c/GitHub/SpeQL/src/queries/azure/azure-sas-uri-in-api-response.ql
[2025-01-18 20:40:54] Calling plumbing command: codeql resolve queries --qlconfig-file=/usr/local/codeql/qlconfig.yml --allow-library-packs --format startingpacks -- path:/mnt/c/GitHub/SpeQL/src/queries/azure/azure-sas-uri-in-api-response.ql
[2025-01-18 20:40:54] [PROGRESS] resolve queries> Recording pack reference (anonymous QL pack at /mnt/c/GitHub/SpeQL/src/queries/azure/azure-sas-uri-in-api-response.ql) at /mnt/c/GitHub/SpeQL/src/queries/azure.
[2025-01-18 20:40:54] Plumbing command codeql resolve queries completed:
                      [
                        "/mnt/c/GitHub/SpeQL/src/queries/azure"
                      ]
[2025-01-18 20:40:54] Calling plumbing command: codeql resolve extensions-by-pack --qlconfig-file=/usr/local/codeql/qlconfig.yml --include-extension-row-locations -- /mnt/c/GitHub/SpeQL/src/queries/azure
[2025-01-18 20:40:54] [SPAMMY] resolve extensions-by-pack> [INCOMPATIBILITY] <anonymous pack>: not 0.0.0 {root: <anonymous pack>@0.0.0}
[2025-01-18 20:40:54] [SPAMMY] resolve extensions-by-pack> [DERIVATION] <anonymous pack>: 0.0.0 {<anonymous pack>: not 0.0.0 {root: <anonymous pack>@0.0.0}}
[2025-01-18 20:40:54] [SPAMMY] resolve extensions-by-pack> [DECISION 1] <anonymous pack>: 0.0.0
[2025-01-18 20:40:54] Plumbing command codeql resolve extensions-by-pack completed:
                      {
                        "models" : [ ],
                        "data" : { },
                        "threatModels" : { },
                        "extensionPacks" : [ ]
                      }
[2025-01-18 20:40:54] Plumbing command codeql resolve extensions completed:
                      {
                        "models" : [ ],
                        "data" : { },
                        "threatModels" : { },
                        "extensionPacks" : [ ]
                      }
[2025-01-18 20:40:54] Calling plumbing command: codeql resolve library-path --qlconfig-file=/usr/local/codeql/qlconfig.yml --query=/mnt/c/GitHub/SpeQL/src/queries/azure/azure-sas-uri-in-api-response.ql --format=json
[2025-01-18 20:40:54] [DETAILS] resolve library-path> Resolving query at normalized path /mnt/c/GitHub/SpeQL/src/queries/azure/azure-sas-uri-in-api-response.ql.
[2025-01-18 20:40:54] [DETAILS] resolve library-path> Found no pack; trying after symlink resolution with /mnt/c/GitHub/SpeQL/src/queries/azure/azure-sas-uri-in-api-response.ql.
[2025-01-18 20:40:54] [DETAILS] resolve library-path> Found enclosing pack 'azure' at /mnt/c/GitHub/SpeQL/src/queries/azure.
[2025-01-18 20:40:54] [DETAILS] resolve library-path> Adding compilation cache at /home/prometheus/.codeql/compile-cache.
[2025-01-18 20:40:54] [DETAILS] resolve library-path> Resolving library dependencies from /mnt/c/GitHub/SpeQL/src/queries/azure/azure-sas-uri-in-api-response.ql.
[2025-01-18 20:40:54] [SPAMMY] resolve library-path> [INCOMPATIBILITY] <anonymous pack>: not 0.0.0 {root: <anonymous pack>@0.0.0}
[2025-01-18 20:40:54] [SPAMMY] resolve library-path> [DERIVATION] <anonymous pack>: 0.0.0 {<anonymous pack>: not 0.0.0 {root: <anonymous pack>@0.0.0}}
[2025-01-18 20:40:54] [SPAMMY] resolve library-path> [DECISION 1] <anonymous pack>: 0.0.0
[2025-01-18 20:40:54] [DETAILS] resolve library-path> QL pack dependencies for /mnt/c/GitHub/SpeQL/src/queries/azure resolved OK.
[2025-01-18 20:40:54] [DETAILS] resolve library-path> Found no dbscheme through dependencies.
[2025-01-18 20:40:54] Plumbing command codeql resolve library-path completed:
                      {
                        "libraryPath" : [
                          "/mnt/c/GitHub/SpeQL/src/queries/azure"
                        ],
                        "compilationCache" : [
                          "/home/prometheus/.codeql/compile-cache"
                        ],
                        "relativeName" : "azure/azure-sas-uri-in-api-response.ql",
                        "possibleAdvice" : "There should probably be a qlpack.yml file declaring dependencies in /mnt/c/GitHub/SpeQL/src/queries/azure or an enclosing directory.",
                        "qlPackName" : "azure"
                      }
[2025-01-18 20:40:54] [PROGRESS] execute queries> Compiling query plan for /mnt/c/GitHub/SpeQL/src/queries/azure/azure-sas-uri-in-api-response.ql.
[2025-01-18 20:40:54] [DETAILS] execute queries> Resolving imports for /mnt/c/GitHub/SpeQL/src/queries/azure/azure-sas-uri-in-api-response.ql.
[2025-01-18 20:40:54] Resolved file set for /mnt/c/GitHub/SpeQL/src/queries/azure/azure-sas-uri-in-api-response.ql hashes to 0749aef463ae4a6e4328a7b180bdcf4af5a00cd3.
[2025-01-18 20:40:54] [DETAILS] execute queries> Checking QL for /mnt/c/GitHub/SpeQL/src/queries/azure/azure-sas-uri-in-api-response.ql.
[2025-01-18 20:40:54] Stale frontend caches are invalidated based on import graph reachability.
[2025-01-18 20:40:54] ExternalModuleBindingPass ...
[2025-01-18 20:40:54] ExternalModuleBindingPass time: 00:00.001
[2025-01-18 20:40:54] CollectInstantiationsPass ...
[2025-01-18 20:40:54] CollectInstantiationsPass time: 00:00.003
[2025-01-18 20:40:54] Ql checks ...
[2025-01-18 20:40:55] Ql checks time: 00:00.051
[2025-01-18 20:40:55] [ERROR] execute queries> ERROR: could not resolve module javascript (/mnt/c/GitHub/SpeQL/src/queries/azure/azure-sas-uri-in-api-response.ql:1,8-18)
[2025-01-18 20:40:55] [ERROR] execute queries> ERROR: could not resolve module semmle.code.json.Json (/mnt/c/GitHub/SpeQL/src/queries/azure/azure-sas-uri-in-api-response.ql:2,8-29)
[2025-01-18 20:40:55] [ERROR] execute queries> ERROR: could not resolve type JsonString (/mnt/c/GitHub/SpeQL/src/queries/azure/azure-sas-uri-in-api-response.ql:4,6-16)
[2025-01-18 20:40:55] [ERROR] execute queries> ERROR: could not resolve type JsonObject (/mnt/c/GitHub/SpeQL/src/queries/azure/azure-sas-uri-in-api-response.ql:4,24-34)
[2025-01-18 20:40:55] [ERROR] execute queries> ERROR: could not resolve variable null (/mnt/c/GitHub/SpeQL/src/queries/azure/azure-sas-uri-in-api-response.ql:6,40-44)
[2025-01-18 20:40:55] Sequence stamp origin is -6092527699817618258
[2025-01-18 20:40:55] Pausing evaluation to close the cache at sequence stamp o+0
[2025-01-18 20:40:55] The disk cache is freshly trimmed; leave it be.
[2025-01-18 20:40:55] Unpausing evaluation
[2025-01-18 20:40:55] This NaiveBuddyAllocator requested 0 eviction rounds.
[2025-01-18 20:40:55] Exiting with code 2
